// Vitest Snapshot v1, https://vitest.dev/guide/snapshot.html

exports[`buildCsv — spesifikasi resmi > snapshot CSV kedua platform 1`] = `
""Filename","Title","Keywords","Category","Releases"
"panda.jpeg","Red panda eating bamboo in forest","red panda, bamboo, forest, eating, wildlife, mammal, nature, green, mountain, daylight, animal, cute, fur, tree, leaves, outdoor, park, resting, sitting, branch, tall, brown, black, white, grey","1","""
`;

exports[`buildCsv — spesifikasi resmi > snapshot CSV kedua platform 2`] = `
""Filename","Description","Keywords","Categories"
"panda.jpeg","A red panda eats bamboo shoots in a green mountain forest during daylight.","red panda, bamboo, forest, eating, wildlife, mammal, nature","Animals/Wildlife""
`;
